// Jest Snapshot v1, https://goo.gl/fbAQLP

exports[`<Title /> should render the larger title  1`] = `
<h1
  class="styles__Wrapper-sc-1buurg8-0 kNhFRm"
>
   
  DOU KYUU SEI
   
</h1>
`;

exports[`<Title /> should render the medium title 1`] = `
<h1
  class="styles__Wrapper-sc-1buurg8-0 fVOjsO"
>
   
  POPULAR
   
</h1>
`;
